[update-dmg] artifact=Quake2-OldMac-v2.14.0.dmg sha256=9655e37ebe740e3759c708d0a33ba2c9068197a59f8c6375a09f09543dc7d26a
[update-dmg] slices=ppc750 ppc7400 ppc970 x86_64 i386 arm64 signature=valid
[update-dmg] Quake2.app/Contents/MacOS/quake2 586c75973f4fca42e7a8fed42bd4d19f
[update-dmg] ref_gl.so b14539220a3d40d4dfcaf01d06e32508
[update-dmg] baseq2/game.so a534f34a87162c317e792f10c516f62c
[update-dmg] q2ded 0f39db7130bb4ee2a40a5a7eddd18ebd
[update-dmg mini-g4] copy and verify Quake2-OldMac-v2.14.0.dmg
[update-tree] current=/Applications/Quake2 engine=d32851f17fdebd0158f51815cee567f9 size=221908KB
[update-tree] stage=/Applications/.Quake2.stage-20260923T092612Z-14826 rollback=/Users/mini/oldmac/quake2/rollbacks/Quake2.rollback-20260923T092612Z-d32851f17fde
clear-launch-quarantine: /Applications/Quake2/Quake2.app carried no quarantine flag
[update-tree] pruned older Quake2.rollback-20260922T231409Z-a035bd5dc901
[update-tree] update complete
CURRENT_PATH=/Applications/Quake2
ROLLBACK_PATH=/Users/mini/oldmac/quake2/rollbacks/Quake2.rollback-20260923T092612Z-d32851f17fde
OLD_ENGINE_MD5=d32851f17fdebd0158f51815cee567f9
NEW_ENGINE_MD5=586c75973f4fca42e7a8fed42bd4d19f
PRESERVED_AUTOEXEC=no
[update-dmg mini-g4] installed and retained named rollback from Quake2-OldMac-v2.14.0.dmg
gui-precondition: mini-g4 ready (probe: wake=no caffeinate locked=no display_power=none)
[smoke mini-g4] launching installed Quake2.app with PRODUCTION config (as a human would), demo=demo1
[smoke mini-g4] renderer : GL_RENDERER: ATI Radeon 9200 OpenGL Engine
[smoke mini-g4] mode     : setting mode -1: 1024 768
[smoke mini-g4] desktop  : Desktop is 1024x768.
[smoke mini-g4] result   : <NO FPS LINE>
[smoke mini-g4] PASS — renderer initialized and a new game started (no argv on this OS, see #35)
