[screenshot mini-sl] native-res same-mode CAPTURE (R300-safe or unconfirmed GPU; shots at native res)
[screenshot] staging autoshot.cfg on mini-sl (10 shots)
[screenshot]   cfg size: 648 lines
[screenshot] launch quake2 → timedemo demo1.dm2 → capture series → quit
quake00.tga
quake01.tga
quake02.tga
quake03.tga
quake04.tga
quake05.tga
quake06.tga
quake07.tga
quake08.tga
quake09.tga
[screenshot] fetch TGAs
[screenshot] convert TGAs → PNGs (magick)
  /private/tmp/q2-scene-resolve-sep22/shots/frames-1/mini-sl-00.png
  /private/tmp/q2-scene-resolve-sep22/shots/frames-1/mini-sl-01.png
  /private/tmp/q2-scene-resolve-sep22/shots/frames-1/mini-sl-02.png
  /private/tmp/q2-scene-resolve-sep22/shots/frames-1/mini-sl-03.png
  /private/tmp/q2-scene-resolve-sep22/shots/frames-1/mini-sl-04.png
  /private/tmp/q2-scene-resolve-sep22/shots/frames-1/mini-sl-05.png
  /private/tmp/q2-scene-resolve-sep22/shots/frames-1/mini-sl-06.png
  /private/tmp/q2-scene-resolve-sep22/shots/frames-1/mini-sl-07.png
  /private/tmp/q2-scene-resolve-sep22/shots/frames-1/mini-sl-08.png
  /private/tmp/q2-scene-resolve-sep22/shots/frames-1/mini-sl-09.png
[screenshot] OK —       10 PNGs
-rw-r--r--  1 matt  wheel  2437456 Sep 22 15:12 /private/tmp/q2-scene-resolve-sep22/shots/frames-1/mini-sl-00.png
-rw-r--r--  1 matt  wheel  2619694 Sep 22 15:12 /private/tmp/q2-scene-resolve-sep22/shots/frames-1/mini-sl-01.png
-rw-r--r--  1 matt  wheel  2270142 Sep 22 15:12 /private/tmp/q2-scene-resolve-sep22/shots/frames-1/mini-sl-02.png
-rw-r--r--  1 matt  wheel  2411280 Sep 22 15:12 /private/tmp/q2-scene-resolve-sep22/shots/frames-1/mini-sl-03.png
-rw-r--r--  1 matt  wheel  1476449 Sep 22 15:12 /private/tmp/q2-scene-resolve-sep22/shots/frames-1/mini-sl-04.png
-rw-r--r--  1 matt  wheel  3005796 Sep 22 15:12 /private/tmp/q2-scene-resolve-sep22/shots/frames-1/mini-sl-05.png
-rw-r--r--  1 matt  wheel  2646876 Sep 22 15:12 /private/tmp/q2-scene-resolve-sep22/shots/frames-1/mini-sl-06.png
-rw-r--r--  1 matt  wheel  1722405 Sep 22 15:12 /private/tmp/q2-scene-resolve-sep22/shots/frames-1/mini-sl-07.png
-rw-r--r--  1 matt  wheel  2145495 Sep 22 15:12 /private/tmp/q2-scene-resolve-sep22/shots/frames-1/mini-sl-08.png
-rw-r--r--  1 matt  wheel  1953826 Sep 22 15:12 /private/tmp/q2-scene-resolve-sep22/shots/frames-1/mini-sl-09.png
-rw-r--r--  1 matt  wheel  2646876 Sep 22 15:12 /private/tmp/q2-scene-resolve-sep22/shots/frames-1/mini-sl.png
